2026-08-02 20:55:33,120 [INFO] app.main: pywebview 데스크톱 GUI 모드를 시작합니다. (CLI 도움말은 --help 참조)
2026-08-02 20:55:36,341 [WARNING] app.ui.api: 로컬 AI 서버 모델 조회 실패 (호스트=127.0.0.1, 포트=8000): <urlopen error [WinError 10061] 대상 컴퓨터에서 연결을 거부했으므로 연결하지 못했습니다>
2026-08-02 21:02:03,605 [INFO] app.main: pywebview 데스크톱 GUI 모드를 시작합니다. (CLI 도움말은 --help 참조)
2026-08-02 21:02:06,908 [WARNING] app.ui.api: 로컬 AI 서버 모델 조회 실패 (호스트=127.0.0.1, 포트=8000): <urlopen error [WinError 10061] 대상 컴퓨터에서 연결을 거부했으므로 연결하지 못했습니다>
2026-08-02 21:03:21,958 [INFO] app.main: pywebview 데스크톱 GUI 모드를 시작합니다. (CLI 도움말은 --help 참조)
2026-08-02 21:03:32,440 [INFO] app.main: pywebview 데스크톱 GUI 모드를 시작합니다. (CLI 도움말은 --help 참조)
2026-08-02 21:03:33,015 [INFO] app.core.pipeline: 파이프라인 실행 시작: input=C:\Users\39145\AppData\Local\Temp\pytest-of-39145\pytest-63\test_js_api_run_review_success0\script.ctl
2026-08-02 21:03:33,016 [INFO] app.core.pipeline: 수집된 대상 파일: 1개
2026-08-02 21:03:33,103 [INFO] app.core.pipeline: 리포트 저장 완료: JSON=C:\Users\39145\AppData\Local\Temp\pytest-of-39145\pytest-63\test_js_api_run_review_success0\out\run-20260802-210333_review_report.json, HTML=C:\Users\39145\AppData\Local\Temp\pytest-of-39145\pytest-63\test_js_api_run_review_success0\out\run-20260802-210333_review_report.html
2026-08-02 21:09:23,036 [INFO] app.main: pywebview 데스크톱 GUI 모드를 시작합니다. (CLI 도움말은 --help 참조)
2026-08-02 21:09:23,572 [INFO] app.core.pipeline: 파이프라인 실행 시작: input=C:\Users\39145\AppData\Local\Temp\pytest-of-39145\pytest-65\test_js_api_run_review_success0\script.ctl
2026-08-02 21:09:23,572 [INFO] app.core.pipeline: 수집된 대상 파일: 1개
2026-08-02 21:09:23,652 [INFO] app.core.rules.applicability_mapper: 적용성 매핑 분석 완료 [client]: 총 15항목 (매핑:5, 수동:10)
2026-08-02 21:09:23,665 [INFO] app.core.rules.applicability_mapper: 적용성 매핑 분석 완료 [server]: 총 20항목 (매핑:6, 수동:14)
2026-08-02 21:09:23,665 [INFO] app.core.pipeline: 체크리스트 적용성 매핑 정보 35건 탑재 완료
2026-08-02 21:09:23,668 [INFO] app.core.pipeline: 리포트 저장 완료: JSON=C:\Users\39145\AppData\Local\Temp\pytest-of-39145\pytest-65\test_js_api_run_review_success0\out\run-20260802-210923_review_report.json, HTML=C:\Users\39145\AppData\Local\Temp\pytest-of-39145\pytest-65\test_js_api_run_review_success0\out\run-20260802-210923_review_report.html
2026-08-02 21:12:28,127 [INFO] app.main: pywebview 데스크톱 GUI 모드를 시작합니다. (CLI 도움말은 --help 참조)
2026-08-02 21:12:28,693 [INFO] app.core.pipeline: 파이프라인 실행 시작: input=C:\Users\39145\AppData\Local\Temp\pytest-of-39145\pytest-67\test_js_api_run_review_success0\script.ctl
2026-08-02 21:12:28,693 [INFO] app.core.pipeline: 수집된 대상 파일: 1개
2026-08-02 21:12:28,771 [INFO] app.core.rules.applicability_mapper: 적용성 매핑 분석 완료 [client]: 총 15항목 (매핑:5, 수동:10)
2026-08-02 21:12:28,780 [INFO] app.core.rules.applicability_mapper: 적용성 매핑 분석 완료 [server]: 총 20항목 (매핑:6, 수동:14)
2026-08-02 21:12:28,780 [INFO] app.core.pipeline: 체크리스트 적용성 매핑 정보 35건 탑재 완료
2026-08-02 21:12:28,786 [INFO] app.core.pipeline: 리포트 저장 완료: JSON=C:\Users\39145\AppData\Local\Temp\pytest-of-39145\pytest-67\test_js_api_run_review_success0\out\run-20260802-211228_review_report.json, HTML=C:\Users\39145\AppData\Local\Temp\pytest-of-39145\pytest-67\test_js_api_run_review_success0\out\run-20260802-211228_review_report.html
2026-08-02 21:13:54,526 [INFO] app.main: pywebview 데스크톱 GUI 모드를 시작합니다. (CLI 도움말은 --help 참조)
2026-08-02 21:13:55,055 [INFO] app.core.pipeline: 파이프라인 실행 시작: input=C:\Users\39145\AppData\Local\Temp\pytest-of-39145\pytest-69\test_js_api_run_review_success0\script.ctl
2026-08-02 21:13:55,055 [INFO] app.core.pipeline: 수집된 대상 파일: 1개
2026-08-02 21:13:55,133 [INFO] app.core.rules.applicability_mapper: 적용성 매핑 분석 완료 [client]: 총 15항목 (매핑:5, 수동:10)
2026-08-02 21:13:55,138 [INFO] app.core.rules.applicability_mapper: 적용성 매핑 분석 완료 [server]: 총 20항목 (매핑:6, 수동:14)
2026-08-02 21:13:55,138 [INFO] app.core.pipeline: 체크리스트 적용성 매핑 정보 35건 탑재 완료
2026-08-02 21:13:55,141 [INFO] app.core.pipeline: 리포트 저장 완료: JSON=C:\Users\39145\AppData\Local\Temp\pytest-of-39145\pytest-69\test_js_api_run_review_success0\out\run-20260802-211355_review_report.json, HTML=C:\Users\39145\AppData\Local\Temp\pytest-of-39145\pytest-69\test_js_api_run_review_success0\out\run-20260802-211355_review_report.html
2026-08-02 21:16:26,432 [INFO] app.main: pywebview 데스크톱 GUI 모드를 시작합니다. (CLI 도움말은 --help 참조)
2026-08-02 21:16:27,057 [INFO] app.core.pipeline: 파이프라인 실행 시작: input=C:\Users\39145\AppData\Local\Temp\pytest-of-39145\pytest-71\test_js_api_run_review_success0\script.ctl
2026-08-02 21:16:27,059 [INFO] app.core.pipeline: 수집된 대상 파일: 1개
2026-08-02 21:16:27,140 [INFO] app.core.rules.applicability_mapper: 적용성 매핑 분석 완료 [client]: 총 15항목 (매핑:5, 수동:10)
2026-08-02 21:16:27,146 [INFO] app.core.rules.applicability_mapper: 적용성 매핑 분석 완료 [server]: 총 20항목 (매핑:6, 수동:14)
2026-08-02 21:16:27,146 [INFO] app.core.pipeline: 체크리스트 적용성 매핑 정보 35건 탑재 완료
2026-08-02 21:16:27,150 [INFO] app.core.pipeline: 리포트 저장 완료: JSON=C:\Users\39145\AppData\Local\Temp\pytest-of-39145\pytest-71\test_js_api_run_review_success0\out\run-20260802-211627_review_report.json, HTML=C:\Users\39145\AppData\Local\Temp\pytest-of-39145\pytest-71\test_js_api_run_review_success0\out\run-20260802-211627_review_report.html
2026-08-02 21:22:14,083 [INFO] app.main: pywebview 데스크톱 GUI 모드를 시작합니다. (CLI 도움말은 --help 참조)
2026-08-02 21:22:14,593 [INFO] app.core.pipeline: 파이프라인 실행 시작: input=C:\Users\39145\AppData\Local\Temp\pytest-of-39145\pytest-72\test_js_api_run_review_success0\script.ctl
2026-08-02 21:22:14,593 [INFO] app.core.pipeline: 수집된 대상 파일: 1개
2026-08-02 21:22:14,668 [INFO] app.core.rules.applicability_mapper: 적용성 매핑 분석 완료 [client]: 총 15항목 (매핑:5, 수동:10)
2026-08-02 21:22:14,681 [INFO] app.core.rules.applicability_mapper: 적용성 매핑 분석 완료 [server]: 총 20항목 (매핑:6, 수동:14)
2026-08-02 21:22:14,681 [INFO] app.core.pipeline: 체크리스트 적용성 매핑 정보 35건 탑재 완료
2026-08-02 21:22:14,681 [INFO] app.core.pipeline: 리포트 저장 완료: JSON=C:\Users\39145\AppData\Local\Temp\pytest-of-39145\pytest-72\test_js_api_run_review_success0\out\run-20260802-212214_review_report.json, HTML=C:\Users\39145\AppData\Local\Temp\pytest-of-39145\pytest-72\test_js_api_run_review_success0\out\run-20260802-212214_review_report.html
2026-08-02 21:29:17,163 [INFO] app.main: pywebview 데스크톱 GUI 모드를 시작합니다. (CLI 도움말은 --help 참조)
2026-08-02 21:29:17,628 [INFO] app.core.pipeline: 파이프라인 실행 시작: input=C:\Users\39145\AppData\Local\Temp\pytest-of-39145\pytest-73\test_js_api_run_review_success0\script.ctl
2026-08-02 21:29:17,628 [INFO] app.core.pipeline: 수집된 대상 파일: 1개
2026-08-02 21:29:17,696 [INFO] app.core.rules.applicability_mapper: 적용성 매핑 분석 완료 [client]: 총 15항목 (매핑:5, 수동:10)
2026-08-02 21:29:17,702 [INFO] app.core.rules.applicability_mapper: 적용성 매핑 분석 완료 [server]: 총 20항목 (매핑:6, 수동:14)
2026-08-02 21:29:17,702 [INFO] app.core.pipeline: 체크리스트 적용성 매핑 정보 35건 탑재 완료
2026-08-02 21:29:17,705 [INFO] app.core.pipeline: 리포트 저장 완료: JSON=C:\Users\39145\AppData\Local\Temp\pytest-of-39145\pytest-73\test_js_api_run_review_success0\out\run-20260802-212917_review_report.json, HTML=C:\Users\39145\AppData\Local\Temp\pytest-of-39145\pytest-73\test_js_api_run_review_success0\out\run-20260802-212917_review_report.html
2026-08-02 21:29:37,485 [INFO] app.main: pywebview 데스크톱 GUI 모드를 시작합니다. (CLI 도움말은 --help 참조)
2026-08-02 21:29:37,949 [INFO] app.core.pipeline: 파이프라인 실행 시작: input=C:\Users\39145\AppData\Local\Temp\pytest-of-39145\pytest-74\test_js_api_run_review_success0\script.ctl
2026-08-02 21:29:37,949 [INFO] app.core.pipeline: 수집된 대상 파일: 1개
2026-08-02 21:29:38,017 [INFO] app.core.rules.applicability_mapper: 적용성 매핑 분석 완료 [client]: 총 15항목 (매핑:5, 수동:10)
2026-08-02 21:29:38,023 [INFO] app.core.rules.applicability_mapper: 적용성 매핑 분석 완료 [server]: 총 20항목 (매핑:6, 수동:14)
2026-08-02 21:29:38,023 [INFO] app.core.pipeline: 체크리스트 적용성 매핑 정보 35건 탑재 완료
2026-08-02 21:29:38,026 [INFO] app.core.pipeline: 리포트 저장 완료: JSON=C:\Users\39145\AppData\Local\Temp\pytest-of-39145\pytest-74\test_js_api_run_review_success0\out\run-20260802-212938_review_report.json, HTML=C:\Users\39145\AppData\Local\Temp\pytest-of-39145\pytest-74\test_js_api_run_review_success0\out\run-20260802-212938_review_report.html
2026-08-02 21:36:13,589 [INFO] app.main: pywebview 데스크톱 GUI 모드를 시작합니다. (CLI 도움말은 --help 참조)
2026-08-02 21:36:14,064 [INFO] app.core.pipeline: 파이프라인 실행 시작: input=C:\Users\39145\AppData\Local\Temp\pytest-of-39145\pytest-75\test_js_api_run_review_success0\script.ctl
2026-08-02 21:36:14,064 [INFO] app.core.pipeline: 수집된 대상 파일: 1개
2026-08-02 21:36:14,132 [INFO] app.core.rules.applicability_mapper: 적용성 매핑 분석 완료 [client]: 총 15항목 (매핑:5, 수동:10)
2026-08-02 21:36:14,137 [INFO] app.core.rules.applicability_mapper: 적용성 매핑 분석 완료 [server]: 총 20항목 (매핑:6, 수동:14)
2026-08-02 21:36:14,138 [INFO] app.core.pipeline: 체크리스트 적용성 매핑 정보 35건 탑재 완료
2026-08-02 21:36:14,140 [INFO] app.core.pipeline: 리포트 저장 완료: JSON=C:\Users\39145\AppData\Local\Temp\pytest-of-39145\pytest-75\test_js_api_run_review_success0\out\run-20260802-213614_review_report.json, HTML=C:\Users\39145\AppData\Local\Temp\pytest-of-39145\pytest-75\test_js_api_run_review_success0\out\run-20260802-213614_review_report.html
2026-08-02 21:41:17,327 [INFO] app.main: pywebview 데스크톱 GUI 모드를 시작합니다. (CLI 도움말은 --help 참조)
2026-08-02 21:41:17,791 [INFO] app.core.pipeline: 파이프라인 실행 시작: input=C:\Users\39145\AppData\Local\Temp\pytest-of-39145\pytest-77\test_js_api_run_review_success0\script.ctl
2026-08-02 21:41:17,792 [INFO] app.core.pipeline: 수집된 대상 파일: 1개
2026-08-02 21:41:17,857 [INFO] app.core.rules.applicability_mapper: 적용성 매핑 분석 완료 [client]: 총 15항목 (매핑:5, 수동:10)
2026-08-02 21:41:17,863 [INFO] app.core.rules.applicability_mapper: 적용성 매핑 분석 완료 [server]: 총 20항목 (매핑:6, 수동:14)
2026-08-02 21:41:17,863 [INFO] app.core.pipeline: 체크리스트 적용성 매핑 정보 35건 탑재 완료
2026-08-02 21:41:17,866 [INFO] app.core.pipeline: 리포트 저장 완료: JSON=C:\Users\39145\AppData\Local\Temp\pytest-of-39145\pytest-77\test_js_api_run_review_success0\out\run-20260802-214117_review_report.json, HTML=C:\Users\39145\AppData\Local\Temp\pytest-of-39145\pytest-77\test_js_api_run_review_success0\out\run-20260802-214117_review_report.html
2026-08-03 10:59:21,701 [INFO] app.main: pywebview 데스크톱 GUI 모드를 시작합니다. (CLI 도움말은 --help 참조)
2026-08-03 10:59:38,368 [INFO] app.core.pipeline: 파이프라인 실행 시작: input=C:\Users\39145\AppData\Local\Temp\pytest-of-39145\pytest-78\test_js_api_run_review_success0\script.ctl
2026-08-03 10:59:38,368 [INFO] app.core.pipeline: 수집된 대상 파일: 1개
2026-08-03 10:59:38,430 [INFO] app.core.rules.applicability_mapper: 적용성 매핑 분석 완료 [client]: 총 15항목 (매핑:5, 수동:10)
2026-08-03 10:59:38,446 [INFO] app.core.rules.applicability_mapper: 적용성 매핑 분석 완료 [server]: 총 20항목 (매핑:6, 수동:14)
2026-08-03 10:59:38,446 [INFO] app.core.pipeline: 체크리스트 적용성 매핑 정보 35건 탑재 완료
2026-08-03 10:59:38,446 [INFO] app.core.pipeline: 리포트 저장 완료: JSON=C:\Users\39145\AppData\Local\Temp\pytest-of-39145\pytest-78\test_js_api_run_review_success0\out\run-20260803-105938_review_report.json, HTML=C:\Users\39145\AppData\Local\Temp\pytest-of-39145\pytest-78\test_js_api_run_review_success0\out\run-20260803-105938_review_report.html
2026-08-03 11:01:10,978 [INFO] app.main: pywebview 데스크톱 GUI 모드를 시작합니다. (CLI 도움말은 --help 참조)
2026-08-03 11:01:27,691 [INFO] app.core.pipeline: 파이프라인 실행 시작: input=C:\Users\39145\AppData\Local\Temp\pytest-of-39145\pytest-79\test_js_api_run_review_success0\script.ctl
2026-08-03 11:01:27,691 [INFO] app.core.pipeline: 수집된 대상 파일: 1개
2026-08-03 11:01:27,786 [INFO] app.core.rules.applicability_mapper: 적용성 매핑 분석 완료 [client]: 총 15항목 (매핑:5, 수동:10)
2026-08-03 11:01:27,798 [INFO] app.core.rules.applicability_mapper: 적용성 매핑 분석 완료 [server]: 총 20항목 (매핑:6, 수동:14)
2026-08-03 11:01:27,798 [INFO] app.core.pipeline: 체크리스트 적용성 매핑 정보 35건 탑재 완료
2026-08-03 11:01:27,802 [INFO] app.core.pipeline: 리포트 저장 완료: JSON=C:\Users\39145\AppData\Local\Temp\pytest-of-39145\pytest-79\test_js_api_run_review_success0\out\run-20260803-110127_review_report.json, HTML=C:\Users\39145\AppData\Local\Temp\pytest-of-39145\pytest-79\test_js_api_run_review_success0\out\run-20260803-110127_review_report.html
2026-08-03 12:25:31,964 [INFO] app.main: pywebview 데스크톱 GUI 모드를 시작합니다. (CLI 도움말은 --help 참조)
2026-08-03 12:25:48,560 [INFO] app.core.pipeline: 파이프라인 실행 시작: input=C:\Users\39145\AppData\Local\Temp\pytest-of-39145\pytest-80\test_js_api_run_review_success0\script.ctl
2026-08-03 12:25:48,560 [INFO] app.core.pipeline: 수집된 대상 파일: 1개
2026-08-03 12:25:48,623 [INFO] app.core.rules.applicability_mapper: 적용성 매핑 분석 완료 [client]: 총 15항목 (매핑:5, 수동:10)
2026-08-03 12:25:48,623 [INFO] app.core.rules.applicability_mapper: 적용성 매핑 분석 완료 [server]: 총 20항목 (매핑:6, 수동:14)
2026-08-03 12:25:48,623 [INFO] app.core.pipeline: 체크리스트 적용성 매핑 정보 35건 탑재 완료
2026-08-03 12:25:48,623 [INFO] app.core.pipeline: 리포트 저장 완료: JSON=C:\Users\39145\AppData\Local\Temp\pytest-of-39145\pytest-80\test_js_api_run_review_success0\out\run-20260803-122548_review_report.json, HTML=C:\Users\39145\AppData\Local\Temp\pytest-of-39145\pytest-80\test_js_api_run_review_success0\out\run-20260803-122548_review_report.html
2026-08-03 19:31:30,290 [INFO] app.main: pywebview 데스크톱 GUI 모드를 시작합니다. (CLI 도움말은 --help 참조)
2026-08-03 19:31:46,923 [INFO] app.core.pipeline: 파이프라인 실행 시작: input=C:\Users\39145\AppData\Local\Temp\pytest-of-39145\pytest-81\test_js_api_run_review_success0\script.ctl
2026-08-03 19:31:46,924 [INFO] app.core.pipeline: 수집된 대상 파일: 1개
2026-08-03 19:31:46,988 [INFO] app.core.rules.applicability_mapper: 적용성 매핑 분석 완료 [client]: 총 15항목 (매핑:5, 수동:10)
2026-08-03 19:31:47,005 [INFO] app.core.rules.applicability_mapper: 적용성 매핑 분석 완료 [server]: 총 20항목 (매핑:6, 수동:14)
2026-08-03 19:31:47,005 [INFO] app.core.pipeline: 체크리스트 적용성 매핑 정보 35건 탑재 완료
2026-08-03 19:31:47,005 [INFO] app.core.pipeline: 리포트 저장 완료: JSON=C:\Users\39145\AppData\Local\Temp\pytest-of-39145\pytest-81\test_js_api_run_review_success0\out\run-20260803-193146_review_report.json, HTML=C:\Users\39145\AppData\Local\Temp\pytest-of-39145\pytest-81\test_js_api_run_review_success0\out\run-20260803-193146_review_report.html
2026-08-03 21:55:34,284 [INFO] app.main: pywebview 데스크톱 GUI 모드를 시작합니다. (CLI 도움말은 --help 참조)
2026-08-03 21:55:50,943 [INFO] app.core.pipeline: 파이프라인 실행 시작: input=C:\Users\39145\AppData\Local\Temp\pytest-of-39145\pytest-89\test_js_api_run_review_success0\script.ctl
2026-08-03 21:55:50,944 [INFO] app.core.pipeline: 수집된 대상 파일: 1개
2026-08-03 21:55:51,035 [INFO] app.core.pipeline: 점진적 검사 캐시: 총 1개 중 0개 파일 캐시 히트 (재 파싱 스킵)
2026-08-03 21:55:51,042 [INFO] app.core.rules.applicability_mapper: 적용성 매핑 분석 완료 [client]: 총 15항목 (매핑:5, 수동:10)
2026-08-03 21:55:51,048 [INFO] app.core.rules.applicability_mapper: 적용성 매핑 분석 완료 [server]: 총 20항목 (매핑:6, 수동:14)
2026-08-03 21:55:51,049 [INFO] app.core.pipeline: 체크리스트 적용성 매핑 정보 35건 탑재 완료
2026-08-03 21:55:51,052 [INFO] app.core.pipeline: 리포트 저장 완료: JSON=C:\Users\39145\AppData\Local\Temp\pytest-of-39145\pytest-89\test_js_api_run_review_success0\out\run-20260803-215551_review_report.json, HTML=C:\Users\39145\AppData\Local\Temp\pytest-of-39145\pytest-89\test_js_api_run_review_success0\out\run-20260803-215551_review_report.html
2026-08-03 22:00:47,324 [INFO] app.main: pywebview 데스크톱 GUI 모드를 시작합니다. (CLI 도움말은 --help 참조)
2026-08-03 22:01:03,936 [INFO] app.core.pipeline: 파이프라인 실행 시작: input=C:\Users\39145\AppData\Local\Temp\pytest-of-39145\pytest-91\test_js_api_run_review_success0\script.ctl
2026-08-03 22:01:03,936 [INFO] app.core.pipeline: 수집된 대상 파일: 1개
2026-08-03 22:01:04,033 [INFO] app.core.pipeline: 점진적 검사 캐시: 총 1개 중 0개 파일 캐시 히트 (재 파싱 스킵)
2026-08-03 22:01:04,040 [INFO] app.core.rules.applicability_mapper: 적용성 매핑 분석 완료 [client]: 총 15항목 (매핑:5, 수동:10)
2026-08-03 22:01:04,050 [INFO] app.core.rules.applicability_mapper: 적용성 매핑 분석 완료 [server]: 총 20항목 (매핑:6, 수동:14)
2026-08-03 22:01:04,050 [INFO] app.core.pipeline: 체크리스트 적용성 매핑 정보 35건 탑재 완료
2026-08-03 22:01:04,054 [INFO] app.core.pipeline: 리포트 저장 완료: JSON=C:\Users\39145\AppData\Local\Temp\pytest-of-39145\pytest-91\test_js_api_run_review_success0\out\run-20260803-220104_review_report.json, HTML=C:\Users\39145\AppData\Local\Temp\pytest-of-39145\pytest-91\test_js_api_run_review_success0\out\run-20260803-220104_review_report.html
2026-08-03 22:11:20,416 [INFO] app.main: pywebview 데스크톱 GUI 모드를 시작합니다. (CLI 도움말은 --help 참조)
2026-08-03 22:11:37,057 [INFO] app.core.pipeline: 파이프라인 실행 시작: input=C:\Users\39145\AppData\Local\Temp\pytest-of-39145\pytest-99\test_js_api_run_review_success0\script.ctl
2026-08-03 22:11:37,057 [INFO] app.core.pipeline: 수집된 대상 파일: 1개
2026-08-03 22:11:37,157 [INFO] app.core.pipeline: 점진적 검사 캐시: 총 1개 중 0개 파일 캐시 히트 (재 파싱 스킵)
2026-08-03 22:11:37,164 [INFO] app.core.rules.applicability_mapper: 적용성 매핑 분석 완료 [client]: 총 15항목 (매핑:5, 수동:10)
2026-08-03 22:11:37,170 [INFO] app.core.rules.applicability_mapper: 적용성 매핑 분석 완료 [server]: 총 20항목 (매핑:6, 수동:14)
2026-08-03 22:11:37,171 [INFO] app.core.pipeline: 체크리스트 적용성 매핑 정보 35건 탑재 완료
2026-08-03 22:11:37,174 [INFO] app.core.pipeline: 리포트 저장 완료: JSON=C:\Users\39145\AppData\Local\Temp\pytest-of-39145\pytest-99\test_js_api_run_review_success0\out\run-20260803-221137_review_report.json, HTML=C:\Users\39145\AppData\Local\Temp\pytest-of-39145\pytest-99\test_js_api_run_review_success0\out\run-20260803-221137_review_report.html
2026-08-03 22:15:43,161 [INFO] app.main: pywebview 데스크톱 GUI 모드를 시작합니다. (CLI 도움말은 --help 참조)
2026-08-03 22:15:59,777 [INFO] app.core.pipeline: 파이프라인 실행 시작: input=C:\Users\39145\AppData\Local\Temp\pytest-of-39145\pytest-100\test_js_api_run_review_success0\script.ctl
2026-08-03 22:15:59,777 [INFO] app.core.pipeline: 수집된 대상 파일: 1개
2026-08-03 22:15:59,842 [INFO] app.core.pipeline: 점진적 검사 캐시: 총 1개 중 0개 파일 캐시 히트 (재 파싱 스킵)
2026-08-03 22:15:59,847 [INFO] app.core.rules.applicability_mapper: 적용성 매핑 분석 완료 [client]: 총 15항목 (매핑:5, 수동:10)
2026-08-03 22:15:59,854 [INFO] app.core.rules.applicability_mapper: 적용성 매핑 분석 완료 [server]: 총 20항목 (매핑:6, 수동:14)
2026-08-03 22:15:59,854 [INFO] app.core.pipeline: 체크리스트 적용성 매핑 정보 35건 탑재 완료
2026-08-03 22:15:59,856 [INFO] app.core.pipeline: 리포트 저장 완료: JSON=C:\Users\39145\AppData\Local\Temp\pytest-of-39145\pytest-100\test_js_api_run_review_success0\out\run-20260803-221559_review_report.json, HTML=C:\Users\39145\AppData\Local\Temp\pytest-of-39145\pytest-100\test_js_api_run_review_success0\out\run-20260803-221559_review_report.html
2026-08-03 22:19:01,575 [INFO] app.main: pywebview 데스크톱 GUI 모드를 시작합니다. (CLI 도움말은 --help 참조)
2026-08-03 22:19:18,229 [INFO] app.core.pipeline: 파이프라인 실행 시작: input=C:\Users\39145\AppData\Local\Temp\pytest-of-39145\pytest-101\test_js_api_run_review_success0\script.ctl
2026-08-03 22:19:18,229 [INFO] app.core.pipeline: 수집된 대상 파일: 1개
2026-08-03 22:19:18,313 [INFO] app.core.pipeline: 점진적 검사 캐시: 총 1개 중 0개 파일 캐시 히트 (재 파싱 스킵)
2026-08-03 22:19:18,318 [INFO] app.core.rules.applicability_mapper: 적용성 매핑 분석 완료 [client]: 총 15항목 (매핑:5, 수동:10)
2026-08-03 22:19:18,324 [INFO] app.core.rules.applicability_mapper: 적용성 매핑 분석 완료 [server]: 총 20항목 (매핑:6, 수동:14)
2026-08-03 22:19:18,326 [INFO] app.core.pipeline: 체크리스트 적용성 매핑 정보 35건 탑재 완료
2026-08-03 22:19:18,328 [INFO] app.core.pipeline: 리포트 저장 완료: JSON=C:\Users\39145\AppData\Local\Temp\pytest-of-39145\pytest-101\test_js_api_run_review_success0\out\run-20260803-221918_review_report.json, HTML=C:\Users\39145\AppData\Local\Temp\pytest-of-39145\pytest-101\test_js_api_run_review_success0\out\run-20260803-221918_review_report.html
2026-08-03 22:26:22,622 [INFO] app.main: pywebview 데스크톱 GUI 모드를 시작합니다. (CLI 도움말은 --help 참조)
2026-08-03 22:26:39,266 [INFO] app.core.pipeline: 파이프라인 실행 시작: input=C:\Users\39145\AppData\Local\Temp\pytest-of-39145\pytest-102\test_js_api_run_review_success0\script.ctl
2026-08-03 22:26:39,267 [INFO] app.core.pipeline: 수집된 대상 파일: 1개
2026-08-03 22:26:39,331 [INFO] app.core.pipeline: 점진적 검사 캐시: 총 1개 중 0개 파일 캐시 히트 (재 파싱 스킵)
2026-08-03 22:26:39,337 [INFO] app.core.rules.applicability_mapper: 적용성 매핑 분석 완료 [client]: 총 15항목 (매핑:5, 수동:10)
2026-08-03 22:26:39,337 [INFO] app.core.rules.applicability_mapper: 적용성 매핑 분석 완료 [server]: 총 20항목 (매핑:6, 수동:14)
2026-08-03 22:26:39,337 [INFO] app.core.pipeline: 체크리스트 적용성 매핑 정보 35건 탑재 완료
2026-08-03 22:26:39,347 [INFO] app.core.pipeline: 리포트 저장 완료: JSON=C:\Users\39145\AppData\Local\Temp\pytest-of-39145\pytest-102\test_js_api_run_review_success0\out\run-20260803-222639_review_report.json, HTML=C:\Users\39145\AppData\Local\Temp\pytest-of-39145\pytest-102\test_js_api_run_review_success0\out\run-20260803-222639_review_report.html
2026-08-03 22:34:31,880 [INFO] app.main: pywebview 데스크톱 GUI 모드를 시작합니다. (CLI 도움말은 --help 참조)
2026-08-03 22:34:48,530 [INFO] app.core.pipeline: 파이프라인 실행 시작: input=C:\Users\39145\AppData\Local\Temp\pytest-of-39145\pytest-103\test_js_api_run_review_success0\script.ctl
2026-08-03 22:34:48,530 [INFO] app.core.pipeline: 수집된 대상 파일: 1개
2026-08-03 22:34:48,612 [INFO] app.core.pipeline: 점진적 검사 캐시: 총 1개 중 0개 파일 캐시 히트 (재 파싱 스킵)
2026-08-03 22:34:48,619 [INFO] app.core.rules.applicability_mapper: 적용성 매핑 분석 완료 [client]: 총 15항목 (매핑:5, 수동:10)
2026-08-03 22:34:48,626 [INFO] app.core.rules.applicability_mapper: 적용성 매핑 분석 완료 [server]: 총 20항목 (매핑:6, 수동:14)
2026-08-03 22:34:48,628 [INFO] app.core.pipeline: 체크리스트 적용성 매핑 정보 35건 탑재 완료
2026-08-03 22:34:48,630 [INFO] app.core.pipeline: 리포트 저장 완료: JSON=C:\Users\39145\AppData\Local\Temp\pytest-of-39145\pytest-103\test_js_api_run_review_success0\out\run-20260803-223448_review_report.json, HTML=C:\Users\39145\AppData\Local\Temp\pytest-of-39145\pytest-103\test_js_api_run_review_success0\out\run-20260803-223448_review_report.html
2026-08-03 22:37:33,885 [INFO] app.main: pywebview 데스크톱 GUI 모드를 시작합니다. (CLI 도움말은 --help 참조)
2026-08-03 22:37:50,736 [INFO] app.core.pipeline: 파이프라인 실행 시작: input=C:\Users\39145\AppData\Local\Temp\pytest-of-39145\pytest-105\test_js_api_run_review_success0\script.ctl
2026-08-03 22:37:50,737 [INFO] app.core.pipeline: 수집된 대상 파일: 1개
2026-08-03 22:37:50,828 [INFO] app.core.pipeline: 점진적 검사 캐시: 총 1개 중 0개 파일 캐시 히트 (재 파싱 스킵)
2026-08-03 22:37:50,836 [INFO] app.core.rules.applicability_mapper: 적용성 매핑 분석 완료 [client]: 총 15항목 (매핑:5, 수동:10)
2026-08-03 22:37:50,843 [INFO] app.core.rules.applicability_mapper: 적용성 매핑 분석 완료 [server]: 총 20항목 (매핑:6, 수동:14)
2026-08-03 22:37:50,843 [INFO] app.core.pipeline: 체크리스트 적용성 매핑 정보 35건 탑재 완료
2026-08-03 22:37:50,849 [INFO] app.core.pipeline: 리포트 저장 완료: JSON=C:\Users\39145\AppData\Local\Temp\pytest-of-39145\pytest-105\test_js_api_run_review_success0\out\run-20260803-223750_review_report.json, HTML=C:\Users\39145\AppData\Local\Temp\pytest-of-39145\pytest-105\test_js_api_run_review_success0\out\run-20260803-223750_review_report.html
2026-08-03 22:44:18,914 [INFO] app.main: pywebview 데스크톱 GUI 모드를 시작합니다. (CLI 도움말은 --help 참조)
2026-08-03 22:44:35,783 [INFO] app.core.pipeline: 파이프라인 실행 시작: input=C:\Users\39145\AppData\Local\Temp\pytest-of-39145\pytest-106\test_js_api_run_review_success0\script.ctl
2026-08-03 22:44:35,784 [INFO] app.core.pipeline: 수집된 대상 파일: 1개
2026-08-03 22:44:35,871 [INFO] app.core.pipeline: 점진적 검사 캐시: 총 1개 중 0개 파일 캐시 히트 (재 파싱 스킵)
2026-08-03 22:44:35,880 [INFO] app.core.rules.applicability_mapper: 적용성 매핑 분석 완료 [client]: 총 15항목 (매핑:5, 수동:10)
2026-08-03 22:44:35,888 [INFO] app.core.rules.applicability_mapper: 적용성 매핑 분석 완료 [server]: 총 20항목 (매핑:6, 수동:14)
2026-08-03 22:44:35,888 [INFO] app.core.pipeline: 체크리스트 적용성 매핑 정보 35건 탑재 완료
2026-08-03 22:44:35,894 [INFO] app.core.pipeline: 리포트 저장 완료: JSON=C:\Users\39145\AppData\Local\Temp\pytest-of-39145\pytest-106\test_js_api_run_review_success0\out\run-20260803-224435_review_report.json, HTML=C:\Users\39145\AppData\Local\Temp\pytest-of-39145\pytest-106\test_js_api_run_review_success0\out\run-20260803-224435_review_report.html
2026-08-03 22:48:02,786 [INFO] app.main: pywebview 데스크톱 GUI 모드를 시작합니다. (CLI 도움말은 --help 참조)
2026-08-03 22:48:19,633 [INFO] app.core.pipeline: 파이프라인 실행 시작: input=C:\Users\39145\AppData\Local\Temp\pytest-of-39145\pytest-107\test_js_api_run_review_success0\script.ctl
2026-08-03 22:48:19,633 [INFO] app.core.pipeline: 수집된 대상 파일: 1개
2026-08-03 22:48:19,765 [INFO] app.core.pipeline: 점진적 검사 캐시: 총 1개 중 0개 파일 캐시 히트 (재 파싱 스킵)
2026-08-03 22:48:19,770 [INFO] app.core.rules.applicability_mapper: 적용성 매핑 분석 완료 [client]: 총 15항목 (매핑:5, 수동:10)
2026-08-03 22:48:19,780 [INFO] app.core.rules.applicability_mapper: 적용성 매핑 분석 완료 [server]: 총 20항목 (매핑:6, 수동:14)
2026-08-03 22:48:19,780 [INFO] app.core.pipeline: 체크리스트 적용성 매핑 정보 35건 탑재 완료
2026-08-03 22:48:19,780 [INFO] app.core.pipeline: 리포트 저장 완료: JSON=C:\Users\39145\AppData\Local\Temp\pytest-of-39145\pytest-107\test_js_api_run_review_success0\out\run-20260803-224819_review_report.json, HTML=C:\Users\39145\AppData\Local\Temp\pytest-of-39145\pytest-107\test_js_api_run_review_success0\out\run-20260803-224819_review_report.html
2026-08-03 22:54:56,051 [INFO] app.main: pywebview 데스크톱 GUI 모드를 시작합니다. (CLI 도움말은 --help 참조)
2026-08-03 22:55:12,870 [INFO] app.core.pipeline: 파이프라인 실행 시작: input=C:\Users\39145\AppData\Local\Temp\pytest-of-39145\pytest-108\test_js_api_run_review_success0\script.ctl
2026-08-03 22:55:12,870 [INFO] app.core.pipeline: 수집된 대상 파일: 1개
2026-08-03 22:55:12,991 [INFO] app.core.pipeline: 점진적 검사 캐시: 총 1개 중 0개 파일 캐시 히트 (재 파싱 스킵)
2026-08-03 22:55:12,991 [WARNING] app.core.pipeline: AI 허위 경보(False Positive) 필터링 실행 중 오류: 'PipelineConfig' object has no attribute 'enable_ai'
2026-08-03 22:55:12,999 [INFO] app.core.rules.applicability_mapper: 적용성 매핑 분석 완료 [client]: 총 15항목 (매핑:5, 수동:10)
2026-08-03 22:55:13,006 [INFO] app.core.rules.applicability_mapper: 적용성 매핑 분석 완료 [server]: 총 20항목 (매핑:6, 수동:14)
2026-08-03 22:55:13,007 [INFO] app.core.pipeline: 체크리스트 적용성 매핑 정보 35건 탑재 완료
2026-08-03 22:55:13,010 [INFO] app.core.pipeline: 리포트 저장 완료: JSON=C:\Users\39145\AppData\Local\Temp\pytest-of-39145\pytest-108\test_js_api_run_review_success0\out\run-20260803-225512_review_report.json, HTML=C:\Users\39145\AppData\Local\Temp\pytest-of-39145\pytest-108\test_js_api_run_review_success0\out\run-20260803-225512_review_report.html
2026-08-03 22:55:36,964 [INFO] app.main: pywebview 데스크톱 GUI 모드를 시작합니다. (CLI 도움말은 --help 참조)
2026-08-03 22:55:53,820 [INFO] app.core.pipeline: 파이프라인 실행 시작: input=C:\Users\39145\AppData\Local\Temp\pytest-of-39145\pytest-109\test_js_api_run_review_success0\script.ctl
2026-08-03 22:55:53,820 [INFO] app.core.pipeline: 수집된 대상 파일: 1개
2026-08-03 22:55:53,974 [INFO] app.core.pipeline: 점진적 검사 캐시: 총 1개 중 0개 파일 캐시 히트 (재 파싱 스킵)
2026-08-03 22:55:53,974 [WARNING] app.core.pipeline: AI 허위 경보(False Positive) 필터링 실행 중 오류: 'PipelineConfig' object has no attribute 'enable_ai'
2026-08-03 22:55:53,984 [INFO] app.core.rules.applicability_mapper: 적용성 매핑 분석 완료 [client]: 총 15항목 (매핑:5, 수동:10)
2026-08-03 22:55:53,990 [INFO] app.core.rules.applicability_mapper: 적용성 매핑 분석 완료 [server]: 총 20항목 (매핑:6, 수동:14)
2026-08-03 22:55:53,991 [INFO] app.core.pipeline: 체크리스트 적용성 매핑 정보 35건 탑재 완료
2026-08-03 22:55:53,993 [INFO] app.core.pipeline: 리포트 저장 완료: JSON=C:\Users\39145\AppData\Local\Temp\pytest-of-39145\pytest-109\test_js_api_run_review_success0\out\run-20260803-225553_review_report.json, HTML=C:\Users\39145\AppData\Local\Temp\pytest-of-39145\pytest-109\test_js_api_run_review_success0\out\run-20260803-225553_review_report.html
2026-08-03 22:57:10,484 [INFO] app.main: pywebview 데스크톱 GUI 모드를 시작합니다. (CLI 도움말은 --help 참조)
2026-08-03 22:57:27,412 [INFO] app.core.pipeline: 파이프라인 실행 시작: input=C:\Users\39145\AppData\Local\Temp\pytest-of-39145\pytest-114\test_js_api_run_review_success0\script.ctl
2026-08-03 22:57:27,412 [INFO] app.core.pipeline: 수집된 대상 파일: 1개
2026-08-03 22:57:27,545 [INFO] app.core.pipeline: 점진적 검사 캐시: 총 1개 중 0개 파일 캐시 히트 (재 파싱 스킵)
2026-08-03 22:57:27,546 [WARNING] app.core.pipeline: AI 허위 경보(False Positive) 필터링 실행 중 오류: 'PipelineConfig' object has no attribute 'enable_ai'
2026-08-03 22:57:27,551 [INFO] app.core.rules.applicability_mapper: 적용성 매핑 분석 완료 [client]: 총 15항목 (매핑:5, 수동:10)
2026-08-03 22:57:27,560 [INFO] app.core.rules.applicability_mapper: 적용성 매핑 분석 완료 [server]: 총 20항목 (매핑:6, 수동:14)
2026-08-03 22:57:27,560 [INFO] app.core.pipeline: 체크리스트 적용성 매핑 정보 35건 탑재 완료
2026-08-03 22:57:27,566 [INFO] app.core.pipeline: 리포트 저장 완료: JSON=C:\Users\39145\AppData\Local\Temp\pytest-of-39145\pytest-114\test_js_api_run_review_success0\out\run-20260803-225727_review_report.json, HTML=C:\Users\39145\AppData\Local\Temp\pytest-of-39145\pytest-114\test_js_api_run_review_success0\out\run-20260803-225727_review_report.html
2026-08-03 23:16:34,791 [INFO] app.main: AI 오탐 피드백 기반 룰 카탈로그 자율 최적화 추천 엔진을 실행합니다...
2026-08-03 23:16:48,727 [INFO] app.main: AI 오탐 피드백 기반 룰 카탈로그 자율 최적화 추천 엔진을 실행합니다...
2026-08-03 23:16:48,733 [INFO] app.ui.api: UI를 통한 설정 갱신 완료: path=C:\Users\39145\AppData\Local\Temp\tmpeisojzsv\settings.yaml
2026-08-03 23:16:50,881 [INFO] app.ui.api: 로컬 AI 서버가 연결되지 않아 오프라인 기본 모델 목록을 사용합니다: <urlopen error [WinError 10061] 대상 컴퓨터에서 연결을 거부했으므로 연결하지 못했습니다>
2026-08-03 23:16:50,933 [INFO] app.ui.api: UI를 통한 설정 갱신 완료: path=C:\Users\39145\AppData\Local\Temp\tmpcv__an7t\custom_dir\my_settings.yaml
2026-08-03 23:16:50,966 [INFO] app.main: pywebview 데스크톱 GUI 모드를 시작합니다. (CLI 도움말은 --help 참조)
2026-08-03 23:17:07,640 [INFO] app.core.pipeline: 파이프라인 실행 시작: input=C:\Users\39145\AppData\Local\Temp\pytest-of-39145\pytest-116\test_js_api_run_review_success0\script.ctl
2026-08-03 23:17:07,640 [INFO] app.core.pipeline: 수집된 대상 파일: 1개
2026-08-03 23:17:07,765 [INFO] app.core.pipeline: 점진적 검사 캐시: 총 1개 중 0개 파일 캐시 히트 (재 파싱 스킵)
2026-08-03 23:17:07,765 [WARNING] app.core.pipeline: AI 허위 경보(False Positive) 필터링 실행 중 오류: 'PipelineConfig' object has no attribute 'enable_ai'
2026-08-03 23:17:07,773 [INFO] app.core.rules.applicability_mapper: 적용성 매핑 분석 완료 [client]: 총 15항목 (매핑:5, 수동:10)
2026-08-03 23:17:07,784 [INFO] app.core.rules.applicability_mapper: 적용성 매핑 분석 완료 [server]: 총 20항목 (매핑:6, 수동:14)
2026-08-03 23:17:07,784 [INFO] app.core.pipeline: 체크리스트 적용성 매핑 정보 35건 탑재 완료
2026-08-03 23:17:07,789 [INFO] app.core.pipeline: 리포트 저장 완료: JSON=C:\Users\39145\AppData\Local\Temp\pytest-of-39145\pytest-116\test_js_api_run_review_success0\out\run-20260803-231707_review_report.json, HTML=C:\Users\39145\AppData\Local\Temp\pytest-of-39145\pytest-116\test_js_api_run_review_success0\out\run-20260803-231707_review_report.html
2026-08-03 23:22:04,498 [INFO] app.main: AI 오탐 피드백 기반 룰 카탈로그 자율 최적화 추천 엔진을 실행합니다...
2026-08-03 23:22:04,503 [INFO] app.ui.api: UI를 통한 설정 갱신 완료: path=C:\Users\39145\AppData\Local\Temp\tmpshq7hyoc\settings.yaml
2026-08-03 23:22:06,588 [INFO] app.ui.api: 로컬 AI 서버가 연결되지 않아 오프라인 기본 모델 목록을 사용합니다: <urlopen error [WinError 10061] 대상 컴퓨터에서 연결을 거부했으므로 연결하지 못했습니다>
2026-08-03 23:22:06,594 [INFO] app.ui.api: UI를 통한 설정 갱신 완료: path=C:\Users\39145\AppData\Local\Temp\tmpgsij3943\custom_dir\my_settings.yaml
2026-08-03 23:22:06,628 [INFO] app.main: pywebview 데스크톱 GUI 모드를 시작합니다. (CLI 도움말은 --help 참조)
2026-08-03 23:22:23,313 [INFO] app.core.pipeline: 파이프라인 실행 시작: input=C:\Users\39145\AppData\Local\Temp\pytest-of-39145\pytest-118\test_js_api_run_review_success0\script.ctl
2026-08-03 23:22:23,314 [INFO] app.core.pipeline: 수집된 대상 파일: 1개
2026-08-03 23:22:23,398 [INFO] app.core.pipeline: 점진적 검사 캐시: 총 1개 중 0개 파일 캐시 히트 (재 파싱 스킵)
2026-08-03 23:22:23,398 [WARNING] app.core.pipeline: AI 허위 경보(False Positive) 필터링 실행 중 오류: 'PipelineConfig' object has no attribute 'enable_ai'
2026-08-03 23:22:23,403 [INFO] app.core.rules.applicability_mapper: 적용성 매핑 분석 완료 [client]: 총 15항목 (매핑:5, 수동:10)
2026-08-03 23:22:23,409 [INFO] app.core.rules.applicability_mapper: 적용성 매핑 분석 완료 [server]: 총 20항목 (매핑:6, 수동:14)
2026-08-03 23:22:23,410 [INFO] app.core.pipeline: 체크리스트 적용성 매핑 정보 35건 탑재 완료
2026-08-03 23:22:23,412 [INFO] app.core.pipeline: 리포트 저장 완료: JSON=C:\Users\39145\AppData\Local\Temp\pytest-of-39145\pytest-118\test_js_api_run_review_success0\out\run-20260803-232223_review_report.json, HTML=C:\Users\39145\AppData\Local\Temp\pytest-of-39145\pytest-118\test_js_api_run_review_success0\out\run-20260803-232223_review_report.html
